// Jest Snapshot v1, https://goo.gl/fbAQLP

exports[`<requireAuth /> Component should render the Login component when user is not authenticated 1`] = `
<ContextConsumer>
  <Component />
</ContextConsumer>
`;

exports[`<requireAuth /> Component should render the exactly component passed when user is authenticated 1`] = `
<ContextConsumer>
  <Component />
</ContextConsumer>
`;
