// Jest Snapshot v1, https://goo.gl/fbAQLP

exports[`<requireAuth /> Component should render the Login component when user is not authenticated 1`] = `<Connect(WithStyles(Login)) />`;

exports[`<requireAuth /> Component should render the exactly component passed when user is authenticated 1`] = `
<[object Object]
  authenticated={true}
  dispatch={[Function]}
  store={
    Object {
      "dispatch": [Function],
      "getState": [Function],
      "replaceReducer": [Function],
      "subscribe": [Function],
      Symbol(observable): [Function],
    }
  }
  storeSubscription={
    Subscription {
      "listeners": Object {
        "clear": [Function],
        "get": [Function],
        "notify": [Function],
        "subscribe": [Function],
      },
      "onStateChange": [Function],
      "parentSub": undefined,
      "store": Object {
        "dispatch": [Function],
        "getState": [Function],
        "replaceReducer": [Function],
        "subscribe": [Function],
        Symbol(observable): [Function],
      },
      "unsubscribe": [Function],
    }
  }
/>
`;
