// Jest Snapshot v1, https://goo.gl/fbAQLP

exports[`<TeamList /> Component should render an component correctly 1`] = `
<div>
  <div>
    <WithStyles(Typography)
      color="secondary"
      gutterBottom={true}
      variant="h6"
    >
      <pure(GroupIcon) />
       
      My teams
    </WithStyles(Typography)>
  </div>
  <center>
    <WithStyles(Typography)
      component="p"
      gutterBottom={true}
    >
      Create your first team
    </WithStyles(Typography)>
    <WithStyles(Tooltip)
      title="Add team"
    >
      <WithStyles(IconButton)
        aria-label="Add team"
        color="default"
      >
        <pure(AddCircleIcon) />
      </WithStyles(IconButton)>
    </WithStyles(Tooltip)>
  </center>
</div>
`;
