// Jest Snapshot v1, https://goo.gl/fbAQLP

exports[`<Card /> Component should have a Card component 1`] = `
<div
  className="CardBoard-card-1"
>
  <WithStyles(Card)>
    <WithStyles(CardMedia)
      className="CardBoard-media-2"
      image="/images/contemplative-reptile.jpg"
      title="Contemplative Reptile"
    />
    <WithStyles(CardContent)
      className="CardBoard-CardContent-5"
    >
      <WithStyles(Chip)
        className="CardBoard-chip-6"
      />
      <WithStyles(Typography)
        component="p"
      >
        card title
      </WithStyles(Typography)>
      <WithStyles(Chip)
        avatar={
          <WithStyles(Avatar)
            className="CardBoard-avatarDateRange-4"
          >
             
            <pure(DateRangeIcon) />
             
          </WithStyles(Avatar)>
        }
        className="CardBoard-chipDateRange-7"
        label="25/06/2017"
      />
      <WithStyles(Chip)
        avatar={
          <WithStyles(Avatar)
            className="CardBoard-avatarDateRange-4"
          >
             
            <pure(MessageIcon) />
             
          </WithStyles(Avatar)>
        }
        className="CardBoard-chipDateRange-7"
        label="4"
      />
      <WithStyles(Chip)
        avatar={
          <WithStyles(Avatar)
            className="CardBoard-avatarDateRange-4"
          >
             
            <pure(CheckBoxIcon) />
             
          </WithStyles(Avatar)>
        }
        className="CardBoard-chipDateRange-7"
        label="5/8"
      />
      <WithStyles(Chip)
        avatar={
          <WithStyles(Avatar)
            className="CardBoard-avatarDateRange-4"
          >
             
            <pure(AttachmentIcon) />
             
          </WithStyles(Avatar)>
        }
        className="CardBoard-chipDateRange-7"
        label="5"
      />
      <WithStyles(Avatar)
        aria-label="Robisson Oliveira"
        className="CardBoard-avatar-3"
        src="/uploads/7b435896-aeca-4660-aaa3-b734e3e9200a.jpg"
      />
    </WithStyles(CardContent)>
  </WithStyles(Card)>
</div>
`;

exports[`<Card /> Component should have a CardContent component 1`] = `
<div
  className="CardBoard-card-1"
>
  <WithStyles(Card)>
    <WithStyles(CardMedia)
      className="CardBoard-media-2"
      image="/images/contemplative-reptile.jpg"
      title="Contemplative Reptile"
    />
    <WithStyles(CardContent)
      className="CardBoard-CardContent-5"
    >
      <WithStyles(Chip)
        className="CardBoard-chip-6"
      />
      <WithStyles(Typography)
        component="p"
      >
        card title
      </WithStyles(Typography)>
      <WithStyles(Chip)
        avatar={
          <WithStyles(Avatar)
            className="CardBoard-avatarDateRange-4"
          >
             
            <pure(DateRangeIcon) />
             
          </WithStyles(Avatar)>
        }
        className="CardBoard-chipDateRange-7"
        label="25/06/2017"
      />
      <WithStyles(Chip)
        avatar={
          <WithStyles(Avatar)
            className="CardBoard-avatarDateRange-4"
          >
             
            <pure(MessageIcon) />
             
          </WithStyles(Avatar)>
        }
        className="CardBoard-chipDateRange-7"
        label="4"
      />
      <WithStyles(Chip)
        avatar={
          <WithStyles(Avatar)
            className="CardBoard-avatarDateRange-4"
          >
             
            <pure(CheckBoxIcon) />
             
          </WithStyles(Avatar)>
        }
        className="CardBoard-chipDateRange-7"
        label="5/8"
      />
      <WithStyles(Chip)
        avatar={
          <WithStyles(Avatar)
            className="CardBoard-avatarDateRange-4"
          >
             
            <pure(AttachmentIcon) />
             
          </WithStyles(Avatar)>
        }
        className="CardBoard-chipDateRange-7"
        label="5"
      />
      <WithStyles(Avatar)
        aria-label="Robisson Oliveira"
        className="CardBoard-avatar-3"
        src="/uploads/7b435896-aeca-4660-aaa3-b734e3e9200a.jpg"
      />
    </WithStyles(CardContent)>
  </WithStyles(Card)>
</div>
`;

exports[`<Card /> Component should render correctly 1`] = `
<div
  className="CardBoard-card-1"
>
  <WithStyles(Card)>
    <WithStyles(CardMedia)
      className="CardBoard-media-2"
      image="/images/contemplative-reptile.jpg"
      title="Contemplative Reptile"
    />
    <WithStyles(CardContent)
      className="CardBoard-CardContent-5"
    >
      <WithStyles(Chip)
        className="CardBoard-chip-6"
      />
      <WithStyles(Typography)
        component="p"
      >
        card title
      </WithStyles(Typography)>
      <WithStyles(Chip)
        avatar={
          <WithStyles(Avatar)
            className="CardBoard-avatarDateRange-4"
          >
             
            <pure(DateRangeIcon) />
             
          </WithStyles(Avatar)>
        }
        className="CardBoard-chipDateRange-7"
        label="25/06/2017"
      />
      <WithStyles(Chip)
        avatar={
          <WithStyles(Avatar)
            className="CardBoard-avatarDateRange-4"
          >
             
            <pure(MessageIcon) />
             
          </WithStyles(Avatar)>
        }
        className="CardBoard-chipDateRange-7"
        label="4"
      />
      <WithStyles(Chip)
        avatar={
          <WithStyles(Avatar)
            className="CardBoard-avatarDateRange-4"
          >
             
            <pure(CheckBoxIcon) />
             
          </WithStyles(Avatar)>
        }
        className="CardBoard-chipDateRange-7"
        label="5/8"
      />
      <WithStyles(Chip)
        avatar={
          <WithStyles(Avatar)
            className="CardBoard-avatarDateRange-4"
          >
             
            <pure(AttachmentIcon) />
             
          </WithStyles(Avatar)>
        }
        className="CardBoard-chipDateRange-7"
        label="5"
      />
      <WithStyles(Avatar)
        aria-label="Robisson Oliveira"
        className="CardBoard-avatar-3"
        src="/uploads/7b435896-aeca-4660-aaa3-b734e3e9200a.jpg"
      />
    </WithStyles(CardContent)>
  </WithStyles(Card)>
</div>
`;
