// Jest Snapshot v1, https://goo.gl/fbAQLP

exports[`<MenuHeaderColumn /> Component should render correctly 1`] = `
<div>
  <WithStyles(IconButton)
    aria-haspopup="true"
    aria-label="More"
    aria-owns={null}
    onClick={[Function]}
    style={
      Object {
        "color": "#ffffff",
      }
    }
  >
    <pure(MoreVertIcon) />
  </WithStyles(IconButton)>
  <WithStyles(Menu)
    PaperProps={
      Object {
        "style": Object {
          "maxHeight": 216,
          "width": 200,
        },
      }
    }
    anchorEl={null}
    id="long-menu"
    onClose={[Function]}
    open={false}
  >
    <WithStyles(MenuItem)
      className="MenuHeaderColumn-menuItem-1"
      onClick={[Function]}
    >
      <WithStyles(ListItemIcon)>
        <pure(CallSplitIcon) />
      </WithStyles(ListItemIcon)>
      <WithStyles(ListItemText)
        inset={true}
        primary="Vertical Split"
      />
    </WithStyles(MenuItem)>
    <WithStyles(MenuItem)
      className="MenuHeaderColumn-menuItem-1"
      onClick={[Function]}
    >
      <WithStyles(ListItemIcon)>
        <pure(CallSplitIcon) />
      </WithStyles(ListItemIcon)>
      <WithStyles(ListItemText)
        inset={true}
        primary="Horizontal Split"
      />
    </WithStyles(MenuItem)>
  </WithStyles(Menu)>
</div>
`;
