// Jest Snapshot v1, https://goo.gl/fbAQLP

exports[`<MiniBoard /> Component should render correctly 1`] = `
<WithStyles(Card)>
  <div
    className="MediaControlCard-cardHeader-4"
  >
    <WithStyles(Typography)
      variant="h6"
    >
      testsName
    </WithStyles(Typography)>
  </div>
  <WithStyles(CardActions)
    style={
      Object {
        "display": "block",
        "textAlign": "right",
      }
    }
  >
    <Link
      color="primary"
      replace={false}
      to="/board/1"
    >
      Go to Board
    </Link>
  </WithStyles(CardActions)>
</WithStyles(Card)>
`;
