// Jest Snapshot v1, https://goo.gl/fbAQLP

exports[`<AccountCreated /> Component should render correctly  1`] = `
<WithStyles(Grid)
  className="AccountCreated-root-1"
  container={true}
>
  <WithStyles(Grid)
    item={true}
    xs={12}
  >
    <WithStyles(Grid)
      container={true}
      direction="row"
      justify="flex-start"
    >
      <WithStyles(Grid)
        item={true}
        lg={8}
        md={7}
        sm={12}
        xl={8}
        xs={12}
      >
        <WithStyles(Paper)
          className="AccountCreated-paper-2 AccountCreated-backgroundPrimary-3"
          elevation={0}
          style={
            Object {
              "paddingBottom": 10,
              "paddingTop": 10,
            }
          }
        >
          <div>
            <br />
            <WithStyles(Typography)
              gutterBottom={true}
              style={
                Object {
                  "color": "white",
                }
              }
              variant="h4"
            >
              Welcome to the best open source plataform for lean management
            </WithStyles(Typography)>
            <WithStyles(Typography)
              gutterBottom={true}
              style={
                Object {
                  "color": "white",
                }
              }
              variant="h5"
            >
              Align strategy and execution with 
              <b>
                OKRs
              </b>
               and
               
              <b>
                Kanban
              </b>
               for you, your team and your company.
            </WithStyles(Typography)>
          </div>
        </WithStyles(Paper)>
      </WithStyles(Grid)>
      <WithStyles(Grid)
        item={true}
        lg={4}
        md={5}
        sm={12}
        xl={4}
        xs={12}
      >
        <WithStyles(Paper)
          className="AccountCreated-paper-2"
          elevation={0}
          style={
            Object {
              "paddingBottom": 10,
              "paddingTop": 10,
            }
          }
        >
          <div
            style={
              Object {
                "margin": "0 auto",
              }
            }
          >
            <WithStyles(Typography)
              align="center"
              className="AccountCreated-textSuccessfull-6"
              gutterBottom={true}
              variant="h4"
            >
              Your account has been successfully created
            </WithStyles(Typography)>
            <br />
            <WithStyles(Typography)
              align="center"
            >
              Click at link in the bellow to do login
            </WithStyles(Typography)>
            <br />
            <WithStyles(Typography)
              align="center"
              gutterBottom={true}
              variant="h5"
            >
              <Link
                className="AccountCreated-link-5"
                replace={false}
                to="/login"
              >
                Login
              </Link>
            </WithStyles(Typography)>
          </div>
        </WithStyles(Paper)>
      </WithStyles(Grid)>
    </WithStyles(Grid)>
  </WithStyles(Grid)>
</WithStyles(Grid)>
`;
