// Jest Snapshot v1, https://goo.gl/fbAQLP

exports[`Search Component should have a prop title 1`] = `
<WithStyles(ForwardRef(Tooltip))
  title="Search cards"
>
  <WithStyles(ForwardRef(IconButton))
    aria-label="Search cards"
    color="inherit"
  >
    <SearchIcon />
  </WithStyles(ForwardRef(IconButton))>
</WithStyles(ForwardRef(Tooltip))>
`;
