// Jest Snapshot v1, https://goo.gl/fbAQLP

exports[`Search Component should have a prop title 1`] = `
<WithStyles(Tooltip)
  title="Search cards"
>
  <WithStyles(IconButton)
    aria-label="Search cards"
    color="inherit"
  >
    <pure(SearchIcon) />
  </WithStyles(IconButton)>
</WithStyles(Tooltip)>
`;
