// Jest Snapshot v1, https://goo.gl/fbAQLP

exports[`TabsHome component should render 1 Tabs and 2 tabs Component 1`] = `
<div
  style={
    Object {
      "width": "100%",
    }
  }
>
  <WithStyles(ForwardRef(Paper))>
    <WithStyles(ForwardRef(Tabs))
      indicatorColor="secondary"
      onChange={[Function]}
      textColor="primary"
      value={0}
    >
      <WithStyles(ForwardRef(Tab))
        label="Kanban boards"
      />
      <WithStyles(ForwardRef(Tab))
        label="OKRs"
      />
    </WithStyles(ForwardRef(Tabs))>
  </WithStyles(ForwardRef(Paper))>
  <div>
    <TabContainer>
      <KanbanHome />
    </TabContainer>
  </div>
</div>
`;

exports[`TabsHome component should render 1 div and 1 Paper Component 1`] = `
<div
  style={
    Object {
      "width": "100%",
    }
  }
>
  <WithStyles(ForwardRef(Paper))>
    <WithStyles(ForwardRef(Tabs))
      indicatorColor="secondary"
      onChange={[Function]}
      textColor="primary"
      value={0}
    >
      <WithStyles(ForwardRef(Tab))
        label="Kanban boards"
      />
      <WithStyles(ForwardRef(Tab))
        label="OKRs"
      />
    </WithStyles(ForwardRef(Tabs))>
  </WithStyles(ForwardRef(Paper))>
  <div>
    <TabContainer>
      <KanbanHome />
    </TabContainer>
  </div>
</div>
`;

exports[`TabsHome component should render KanbanHome component 1`] = `
<div
  style={
    Object {
      "width": "100%",
    }
  }
>
  <WithStyles(ForwardRef(Paper))>
    <WithStyles(ForwardRef(Tabs))
      indicatorColor="secondary"
      onChange={[Function]}
      textColor="primary"
      value={0}
    >
      <WithStyles(ForwardRef(Tab))
        label="Kanban boards"
      />
      <WithStyles(ForwardRef(Tab))
        label="OKRs"
      />
    </WithStyles(ForwardRef(Tabs))>
  </WithStyles(ForwardRef(Paper))>
  <div>
    <TabContainer>
      <KanbanHome />
    </TabContainer>
  </div>
</div>
`;
